  Determining projects to restore...
  Failed to download package 'Microsoft.NETCore.App.Host.osx-x64.10.0.12' from 'https://api.nuget.org/v3-flatcontainer/microsoft.netcore.app.host.osx-x64/10.0.12/microsoft.netcore.app.host.osx-x64.10.0.12.nupkg'.
  The response ended prematurely, with at least 682048 additional bytes expected. (ResponseEnded)
  Failed to download package 'Microsoft.AspNetCore.App.Runtime.osx-x64.10.0.12' from 'https://api.nuget.org/v3-flatcontainer/microsoft.aspnetcore.app.runtime.osx-x64/10.0.12/microsoft.aspnetcore.app.runtime.osx-x64.10.0.12.nupkg'.
  The response ended prematurely, with at least 8335288 additional bytes expected. (ResponseEnded)
/home/mezouarsohaib/tabib-ai/linux/TabibAI.Linux.csproj : warning NU1608: Detected package version outside of dependency constraint: MediatR.Extensions.Microsoft.DependencyInjection 11.1.0 requires MediatR (>= 11.0.0 && < 12.0.0) but version MediatR 12.4.1 was resolved.
  Restored /home/mezouarsohaib/tabib-ai/linux/TabibAI.Linux.csproj (in 2.69 min).
/home/mezouarsohaib/.dotnet/sdk/10.0.401/Sdks/Microsoft.NET.Sdk/targets/Microsoft.PackageDependencyResolution.targets(266,5): error NETSDK1047: Assets file '/home/mezouarsohaib/tabib-ai/linux/obj/project.assets.json' doesn't have a target for 'net10.0/osx-x64'. Ensure that restore has run and that you have included 'net10.0' in the TargetFrameworks for your project. You may also need to include 'osx-x64' in your project's RuntimeIdentifiers. [/home/mezouarsohaib/tabib-ai/linux/TabibAI.Linux.csproj]
  Determining projects to restore...
/home/mezouarsohaib/tabib-ai/linux/TabibAI.Linux.csproj : warning NU1608: Detected package version outside of dependency constraint: MediatR.Extensions.Microsoft.DependencyInjection 11.1.0 requires MediatR (>= 11.0.0 && < 12.0.0) but version MediatR 12.4.1 was resolved.
  Restored /home/mezouarsohaib/tabib-ai/linux/TabibAI.Linux.csproj (in 4.23 sec).
/home/mezouarsohaib/tabib-ai/linux/TabibAI.Linux.csproj : warning NU1608: Detected package version outside of dependency constraint: MediatR.Extensions.Microsoft.DependencyInjection 11.1.0 requires MediatR (>= 11.0.0 && < 12.0.0) but version MediatR 12.4.1 was resolved.
/home/mezouarsohaib/tabib-ai/linux/AppViewModel.cs(180,32): warning CS0067: The event 'RelayCommand.CanExecuteChanged' is never used [/home/mezouarsohaib/tabib-ai/linux/TabibAI.Linux.csproj]
/home/mezouarsohaib/tabib-ai/linux/Ui/Chat/ChatViewModel.cs(386,24): warning IL2026: Using member 'System.Text.Json.JsonSerializer.Serialize<TValue>(TValue, JsonSerializerOptions)' which has 'RequiresUnreferencedCodeAttribute' can break functionality when trimming application code. JSON serialization and deserialization might require types that cannot be statically analyzed. Use the overload that takes a JsonTypeInfo or JsonSerializerContext, or make sure all of the required types are preserved. [/home/mezouarsohaib/tabib-ai/linux/TabibAI.Linux.csproj]
/home/mezouarsohaib/tabib-ai/linux/Ui/Chat/ChatViewModel.cs(402,28): warning IL2026: Using member 'System.Text.Json.JsonSerializer.Deserialize<TValue>(String, JsonSerializerOptions)' which has 'RequiresUnreferencedCodeAttribute' can break functionality when trimming application code. JSON serialization and deserialization might require types that cannot be statically analyzed. Use the overload that takes a JsonTypeInfo or JsonSerializerContext, or make sure all of the required types are preserved. [/home/mezouarsohaib/tabib-ai/linux/TabibAI.Linux.csproj]
/home/mezouarsohaib/tabib-ai/linux/Core/OllamaClient.cs(85,47): warning IL2026: Using member 'System.Text.Json.JsonSerializer.Serialize<TValue>(TValue, JsonSerializerOptions)' which has 'RequiresUnreferencedCodeAttribute' can break functionality when trimming application code. JSON serialization and deserialization might require types that cannot be statically analyzed. Use the overload that takes a JsonTypeInfo or JsonSerializerContext, or make sure all of the required types are preserved. [/home/mezouarsohaib/tabib-ai/linux/TabibAI.Linux.csproj]
/home/mezouarsohaib/tabib-ai/linux/Core/OllamaClient.cs(100,41): warning IL2026: Using member 'System.Text.Json.JsonSerializer.Serialize<TValue>(TValue, JsonSerializerOptions)' which has 'RequiresUnreferencedCodeAttribute' can break functionality when trimming application code. JSON serialization and deserialization might require types that cannot be statically analyzed. Use the overload that takes a JsonTypeInfo or JsonSerializerContext, or make sure all of the required types are preserved. [/home/mezouarsohaib/tabib-ai/linux/TabibAI.Linux.csproj]
/home/mezouarsohaib/tabib-ai/linux/Core/I18n/LocalizationService.cs(38,24): warning IL2026: Using member 'System.Text.Json.JsonSerializer.Deserialize<TValue>(String, JsonSerializerOptions)' which has 'RequiresUnreferencedCodeAttribute' can break functionality when trimming application code. JSON serialization and deserialization might require types that cannot be statically analyzed. Use the overload that takes a JsonTypeInfo or JsonSerializerContext, or make sure all of the required types are preserved. [/home/mezouarsohaib/tabib-ai/linux/TabibAI.Linux.csproj]
/home/mezouarsohaib/tabib-ai/linux/Core/CaseStore.cs(62,33): warning IL2026: Using member 'System.Text.Json.JsonSerializer.Serialize<TValue>(TValue, JsonSerializerOptions)' which has 'RequiresUnreferencedCodeAttribute' can break functionality when trimming application code. JSON serialization and deserialization might require types that cannot be statically analyzed. Use the overload that takes a JsonTypeInfo or JsonSerializerContext, or make sure all of the required types are preserved. [/home/mezouarsohaib/tabib-ai/linux/TabibAI.Linux.csproj]
/home/mezouarsohaib/tabib-ai/linux/Core/CaseStore.cs(50,30): warning IL2026: Using member 'System.Text.Json.JsonSerializer.Deserialize<TValue>(String, JsonSerializerOptions)' which has 'RequiresUnreferencedCodeAttribute' can break functionality when trimming application code. JSON serialization and deserialization might require types that cannot be statically analyzed. Use the overload that takes a JsonTypeInfo or JsonSerializerContext, or make sure all of the required types are preserved. [/home/mezouarsohaib/tabib-ai/linux/TabibAI.Linux.csproj]
  TabibAI.Linux -> /home/mezouarsohaib/tabib-ai/linux/bin/Release/net10.0/osx-x64/TabibAI.dll
  Optimizing assemblies for size. This process might take a while.
ILLink : error IL1032: Root assembly 'LlamaCpp' could not be found. [/home/mezouarsohaib/tabib-ai/linux/TabibAI.Linux.csproj]
