  Determining projects to restore...
  Restored /home/mezouarsohaib/tabib-ai/TabibAI.csproj (in 3.92 sec).
/home/mezouarsohaib/tabib-ai/testwinforms/test_with_sysman/TestSysMan/obj/Release/net10.0-windows/.NETCoreApp,Version=v10.0.AssemblyAttributes.cs(4,12): error CS0579: Duplicate 'global::System.Runtime.Versioning.TargetFrameworkAttribute' attribute [/home/mezouarsohaib/tabib-ai/TabibAI.csproj]
/home/mezouarsohaib/tabib-ai/testwinforms/test_with_sysman/TestSysMan/obj/Release/net10.0-windows/TestSysMan.AssemblyInfo.cs(13,12): error CS0579: Duplicate 'System.Reflection.AssemblyCompanyAttribute' attribute [/home/mezouarsohaib/tabib-ai/TabibAI.csproj]
/home/mezouarsohaib/tabib-ai/testwinforms/test_with_sysman/TestSysMan/obj/Release/net10.0-windows/TestSysMan.AssemblyInfo.cs(14,12): error CS0579: Duplicate 'System.Reflection.AssemblyConfigurationAttribute' attribute [/home/mezouarsohaib/tabib-ai/TabibAI.csproj]
/home/mezouarsohaib/tabib-ai/testwinforms/test_with_sysman/TestSysMan/obj/Release/net10.0-windows/TestSysMan.AssemblyInfo.cs(15,12): error CS0579: Duplicate 'System.Reflection.AssemblyFileVersionAttribute' attribute [/home/mezouarsohaib/tabib-ai/TabibAI.csproj]
/home/mezouarsohaib/tabib-ai/testwinforms/test_with_sysman/TestSysMan/obj/Release/net10.0-windows/TestSysMan.AssemblyInfo.cs(16,12): error CS0579: Duplicate 'System.Reflection.AssemblyInformationalVersionAttribute' attribute [/home/mezouarsohaib/tabib-ai/TabibAI.csproj]
/home/mezouarsohaib/tabib-ai/testwinforms/test_with_sysman/TestSysMan/obj/Release/net10.0-windows/TestSysMan.AssemblyInfo.cs(17,12): error CS0579: Duplicate 'System.Reflection.AssemblyProductAttribute' attribute [/home/mezouarsohaib/tabib-ai/TabibAI.csproj]
/home/mezouarsohaib/tabib-ai/testwinforms/test_with_sysman/TestSysMan/obj/Release/net10.0-windows/TestSysMan.AssemblyInfo.cs(18,12): error CS0579: Duplicate 'System.Reflection.AssemblyTitleAttribute' attribute [/home/mezouarsohaib/tabib-ai/TabibAI.csproj]
/home/mezouarsohaib/tabib-ai/testwinforms/test_with_sysman/TestSysMan/obj/Release/net10.0-windows/TestSysMan.AssemblyInfo.cs(19,12): error CS0579: Duplicate 'System.Reflection.AssemblyVersionAttribute' attribute [/home/mezouarsohaib/tabib-ai/TabibAI.csproj]
/home/mezouarsohaib/tabib-ai/testwinforms/test_with_sysman/TestSysMan/obj/Release/net10.0-windows/TestSysMan.AssemblyInfo.cs(20,12): error CS0579: Duplicate 'System.Runtime.Versioning.TargetPlatformAttribute' attribute [/home/mezouarsohaib/tabib-ai/TabibAI.csproj]
/home/mezouarsohaib/tabib-ai/obj/Release/net10.0-windows/win-x64/.NETCoreApp,Version=v10.0.AssemblyAttributes.cs(4,12): error CS0579: Duplicate 'global::System.Runtime.Versioning.TargetFrameworkAttribute' attribute [/home/mezouarsohaib/tabib-ai/TabibAI.csproj]
/home/mezouarsohaib/tabib-ai/obj/Release/net10.0-windows/win-x64/TabibAI.AssemblyInfo.cs(13,12): error CS0579: Duplicate 'System.Reflection.AssemblyCompanyAttribute' attribute [/home/mezouarsohaib/tabib-ai/TabibAI.csproj]
/home/mezouarsohaib/tabib-ai/obj/Release/net10.0-windows/win-x64/TabibAI.AssemblyInfo.cs(14,12): error CS0579: Duplicate 'System.Reflection.AssemblyConfigurationAttribute' attribute [/home/mezouarsohaib/tabib-ai/TabibAI.csproj]
/home/mezouarsohaib/tabib-ai/obj/Release/net10.0-windows/win-x64/TabibAI.AssemblyInfo.cs(15,12): error CS0579: Duplicate 'System.Reflection.AssemblyFileVersionAttribute' attribute [/home/mezouarsohaib/tabib-ai/TabibAI.csproj]
/home/mezouarsohaib/tabib-ai/obj/Release/net10.0-windows/win-x64/TabibAI.AssemblyInfo.cs(16,12): error CS0579: Duplicate 'System.Reflection.AssemblyInformationalVersionAttribute' attribute [/home/mezouarsohaib/tabib-ai/TabibAI.csproj]
/home/mezouarsohaib/tabib-ai/obj/Release/net10.0-windows/win-x64/TabibAI.AssemblyInfo.cs(17,12): error CS0579: Duplicate 'System.Reflection.AssemblyProductAttribute' attribute [/home/mezouarsohaib/tabib-ai/TabibAI.csproj]
/home/mezouarsohaib/tabib-ai/obj/Release/net10.0-windows/win-x64/TabibAI.AssemblyInfo.cs(18,12): error CS0579: Duplicate 'System.Reflection.AssemblyTitleAttribute' attribute [/home/mezouarsohaib/tabib-ai/TabibAI.csproj]
/home/mezouarsohaib/tabib-ai/obj/Release/net10.0-windows/win-x64/TabibAI.AssemblyInfo.cs(19,12): error CS0579: Duplicate 'System.Reflection.AssemblyVersionAttribute' attribute [/home/mezouarsohaib/tabib-ai/TabibAI.csproj]
/home/mezouarsohaib/tabib-ai/obj/Release/net10.0-windows/win-x64/TabibAI.AssemblyInfo.cs(20,12): error CS0579: Duplicate 'System.Runtime.Versioning.TargetPlatformAttribute' attribute [/home/mezouarsohaib/tabib-ai/TabibAI.csproj]
